[2023-09-10T18:34:37.677+0200][gc,init] CardTable entry size: 512
[2023-09-10T18:34:37.678+0200][gc     ] Using G1
[2023-09-10T18:34:37.685+0200][gc,init] Version: 20.0.2+9-78 (release)
[2023-09-10T18:34:37.685+0200][gc,init] CPUs: 12 total, 12 available
[2023-09-10T18:34:37.685+0200][gc,init] Memory: 16384M
[2023-09-10T18:34:37.685+0200][gc,init] Large Page Support: Disabled
[2023-09-10T18:34:37.685+0200][gc,init] NUMA Support: Disabled
[2023-09-10T18:34:37.685+0200][gc,init] Compressed Oops: Enabled (Zero based)
[2023-09-10T18:34:37.686+0200][gc,init] Heap Region Size: 1M
[2023-09-10T18:34:37.686+0200][gc,init] Heap Min Capacity: 1G
[2023-09-10T18:34:37.686+0200][gc,init] Heap Initial Capacity: 1G
[2023-09-10T18:34:37.686+0200][gc,init] Heap Max Capacity: 1G
[2023-09-10T18:34:37.686+0200][gc,init] Pre-touch: Disabled
[2023-09-10T18:34:37.686+0200][gc,init] Parallel Workers: 10
[2023-09-10T18:34:37.686+0200][gc,init] Concurrent Workers: 3
[2023-09-10T18:34:37.686+0200][gc,init] Concurrent Refinement Workers: 10
[2023-09-10T18:34:37.686+0200][gc,init] Periodic GC: Disabled
[2023-09-10T18:34:37.695+0200][gc,metaspace] CDS archive(s) mapped at: [0x0000000129000000-0x0000000129c74000-0x0000000129c74000), size 13058048, SharedBaseAddress: 0x0000000129000000, ArchiveRelocationMode: 1.
[2023-09-10T18:34:37.695+0200][gc,metaspace] Compressed class space mapped at: 0x000000012a000000-0x000000016a000000, reserved size: 1073741824
[2023-09-10T18:34:37.695+0200][gc,metaspace] Narrow klass base: 0x0000000129000000, Narrow klass shift: 0, Narrow klass range: 0x100000000
[2023-09-10T18:34:39.165+0200][gc,start    ] GC(0) Pause Young (Normal) (G1 Evacuation Pause)
[2023-09-10T18:34:39.166+0200][gc,task     ] GC(0) Using 10 workers of 10 for evacuation
[2023-09-10T18:34:39.171+0200][gc,phases   ] GC(0)   Pre Evacuate Collection Set: 0.2ms
[2023-09-10T18:34:39.171+0200][gc,phases   ] GC(0)   Merge Heap Roots: 0.1ms
[2023-09-10T18:34:39.171+0200][gc,phases   ] GC(0)   Evacuate Collection Set: 4.3ms
[2023-09-10T18:34:39.171+0200][gc,phases   ] GC(0)   Post Evacuate Collection Set: 0.8ms
[2023-09-10T18:34:39.171+0200][gc,phases   ] GC(0)   Other: 0.8ms
[2023-09-10T18:34:39.171+0200][gc,heap     ] GC(0) Eden regions: 51->0(44)
[2023-09-10T18:34:39.171+0200][gc,heap     ] GC(0) Survivor regions: 0->7(7)
[2023-09-10T18:34:39.171+0200][gc,heap     ] GC(0) Old regions: 0->1
[2023-09-10T18:34:39.171+0200][gc,heap     ] GC(0) Archive regions: 2->2
[2023-09-10T18:34:39.171+0200][gc,heap     ] GC(0) Humongous regions: 0->0
[2023-09-10T18:34:39.171+0200][gc,metaspace] GC(0) Metaspace: 18160K(18368K)->18160K(18368K) NonClass: 16074K(16192K)->16074K(16192K) Class: 2085K(2176K)->2085K(2176K)
[2023-09-10T18:34:39.171+0200][gc          ] GC(0) Pause Young (Normal) (G1 Evacuation Pause) 51M->8M(1024M) 6.628ms
[2023-09-10T18:34:39.171+0200][gc,cpu      ] GC(0) User=0.03s Sys=0.02s Real=0.01s
[2023-09-10T18:34:39.386+0200][gc,start    ] GC(1) Pause Young (Concurrent Start) (Metadata GC Threshold)
[2023-09-10T18:34:39.386+0200][gc,task     ] GC(1) Using 10 workers of 10 for evacuation
[2023-09-10T18:34:39.392+0200][gc,phases   ] GC(1)   Pre Evacuate Collection Set: 0.2ms
[2023-09-10T18:34:39.392+0200][gc,phases   ] GC(1)   Merge Heap Roots: 0.1ms
[2023-09-10T18:34:39.392+0200][gc,phases   ] GC(1)   Evacuate Collection Set: 4.3ms
[2023-09-10T18:34:39.392+0200][gc,phases   ] GC(1)   Post Evacuate Collection Set: 0.5ms
[2023-09-10T18:34:39.392+0200][gc,phases   ] GC(1)   Other: 0.1ms
[2023-09-10T18:34:39.392+0200][gc,heap     ] GC(1) Eden regions: 13->0(49)
[2023-09-10T18:34:39.392+0200][gc,heap     ] GC(1) Survivor regions: 7->2(7)
[2023-09-10T18:34:39.392+0200][gc,heap     ] GC(1) Old regions: 1->8
[2023-09-10T18:34:39.392+0200][gc,heap     ] GC(1) Archive regions: 2->2
[2023-09-10T18:34:39.392+0200][gc,heap     ] GC(1) Humongous regions: 0->0
[2023-09-10T18:34:39.392+0200][gc,metaspace] GC(1) Metaspace: 21261K(21504K)->21261K(21504K) NonClass: 18768K(18880K)->18768K(18880K) Class: 2493K(2624K)->2493K(2624K)
[2023-09-10T18:34:39.392+0200][gc          ] GC(1) Pause Young (Concurrent Start) (Metadata GC Threshold) 20M->9M(1024M) 5.551ms
[2023-09-10T18:34:39.392+0200][gc,cpu      ] GC(1) User=0.04s Sys=0.01s Real=0.01s
[2023-09-10T18:34:39.392+0200][gc          ] GC(2) Concurrent Mark Cycle
[2023-09-10T18:34:39.392+0200][gc,marking  ] GC(2) Concurrent Scan Root Regions
[2023-09-10T18:34:39.394+0200][gc,marking  ] GC(2) Concurrent Scan Root Regions 1.994ms
[2023-09-10T18:34:39.394+0200][gc,marking  ] GC(2) Concurrent Mark
[2023-09-10T18:34:39.394+0200][gc,marking  ] GC(2) Concurrent Mark From Roots
[2023-09-10T18:34:39.394+0200][gc,task     ] GC(2) Using 3 workers of 3 for marking
[2023-09-10T18:34:39.395+0200][gc,marking  ] GC(2) Concurrent Mark From Roots 0.834ms
[2023-09-10T18:34:39.395+0200][gc,marking  ] GC(2) Concurrent Preclean
[2023-09-10T18:34:39.395+0200][gc,marking  ] GC(2) Concurrent Preclean 0.016ms
[2023-09-10T18:34:39.395+0200][gc,start    ] GC(2) Pause Remark
[2023-09-10T18:34:39.397+0200][gc          ] GC(2) Pause Remark 9M->9M(1024M) 1.483ms
[2023-09-10T18:34:39.397+0200][gc,cpu      ] GC(2) User=0.00s Sys=0.00s Real=0.00s
[2023-09-10T18:34:39.397+0200][gc,marking  ] GC(2) Concurrent Mark 2.688ms
[2023-09-10T18:34:39.397+0200][gc,marking  ] GC(2) Concurrent Rebuild Remembered Sets and Scrub Regions
[2023-09-10T18:34:39.398+0200][gc,marking  ] GC(2) Concurrent Rebuild Remembered Sets and Scrub Regions 1.704ms
[2023-09-10T18:34:39.399+0200][gc,start    ] GC(2) Pause Cleanup
[2023-09-10T18:34:39.399+0200][gc          ] GC(2) Pause Cleanup 9M->9M(1024M) 0.198ms
[2023-09-10T18:34:39.399+0200][gc,cpu      ] GC(2) User=0.00s Sys=0.00s Real=0.00s
[2023-09-10T18:34:39.399+0200][gc,marking  ] GC(2) Concurrent Clear Claimed Marks
[2023-09-10T18:34:39.399+0200][gc,marking  ] GC(2) Concurrent Clear Claimed Marks 0.022ms
[2023-09-10T18:34:39.399+0200][gc,marking  ] GC(2) Concurrent Cleanup for Next Mark
[2023-09-10T18:34:39.404+0200][gc,marking  ] GC(2) Concurrent Cleanup for Next Mark 5.318ms
[2023-09-10T18:34:39.404+0200][gc          ] GC(2) Concurrent Mark Cycle 12.377ms
[2023-09-10T18:34:41.491+0200][gc,start    ] GC(3) Pause Young (Normal) (G1 Evacuation Pause)
[2023-09-10T18:34:41.491+0200][gc,task     ] GC(3) Using 10 workers of 10 for evacuation
[2023-09-10T18:34:41.494+0200][gc,phases   ] GC(3)   Pre Evacuate Collection Set: 0.1ms
[2023-09-10T18:34:41.494+0200][gc,phases   ] GC(3)   Merge Heap Roots: 0.1ms
[2023-09-10T18:34:41.494+0200][gc,phases   ] GC(3)   Evacuate Collection Set: 2.9ms
[2023-09-10T18:34:41.494+0200][gc,phases   ] GC(3)   Post Evacuate Collection Set: 0.4ms
[2023-09-10T18:34:41.494+0200][gc,phases   ] GC(3)   Other: 0.1ms
[2023-09-10T18:34:41.494+0200][gc,heap     ] GC(3) Eden regions: 49->0(45)
[2023-09-10T18:34:41.494+0200][gc,heap     ] GC(3) Survivor regions: 2->6(7)
[2023-09-10T18:34:41.494+0200][gc,heap     ] GC(3) Old regions: 8->8
[2023-09-10T18:34:41.494+0200][gc,heap     ] GC(3) Archive regions: 2->2
[2023-09-10T18:34:41.494+0200][gc,heap     ] GC(3) Humongous regions: 129->129
[2023-09-10T18:34:41.494+0200][gc,metaspace] GC(3) Metaspace: 30839K(31168K)->30839K(31168K) NonClass: 27409K(27584K)->27409K(27584K) Class: 3429K(3584K)->3429K(3584K)
[2023-09-10T18:34:41.494+0200][gc          ] GC(3) Pause Young (Normal) (G1 Evacuation Pause) 187M->143M(1024M) 3.898ms
[2023-09-10T18:34:41.495+0200][gc,cpu      ] GC(3) User=0.02s Sys=0.00s Real=0.00s
[2023-09-10T18:34:41.716+0200][gc,start    ] GC(4) Pause Young (Concurrent Start) (Metadata GC Threshold)
[2023-09-10T18:34:41.716+0200][gc,task     ] GC(4) Using 10 workers of 10 for evacuation
[2023-09-10T18:34:41.722+0200][gc,phases   ] GC(4)   Pre Evacuate Collection Set: 0.2ms
[2023-09-10T18:34:41.722+0200][gc,phases   ] GC(4)   Merge Heap Roots: 0.1ms
[2023-09-10T18:34:41.722+0200][gc,phases   ] GC(4)   Evacuate Collection Set: 4.5ms
[2023-09-10T18:34:41.722+0200][gc,phases   ] GC(4)   Post Evacuate Collection Set: 0.6ms
[2023-09-10T18:34:41.722+0200][gc,phases   ] GC(4)   Other: 0.1ms
[2023-09-10T18:34:41.722+0200][gc,heap     ] GC(4) Eden regions: 20->0(48)
[2023-09-10T18:34:41.722+0200][gc,heap     ] GC(4) Survivor regions: 6->3(7)
[2023-09-10T18:34:41.722+0200][gc,heap     ] GC(4) Old regions: 8->13
[2023-09-10T18:34:41.722+0200][gc,heap     ] GC(4) Archive regions: 2->2
[2023-09-10T18:34:41.722+0200][gc,heap     ] GC(4) Humongous regions: 129->129
[2023-09-10T18:34:41.722+0200][gc,metaspace] GC(4) Metaspace: 35622K(35968K)->35622K(35968K) NonClass: 31698K(31872K)->31698K(31872K) Class: 3924K(4096K)->3924K(4096K)
[2023-09-10T18:34:41.722+0200][gc          ] GC(4) Pause Young (Concurrent Start) (Metadata GC Threshold) 162M->144M(1024M) 5.725ms
[2023-09-10T18:34:41.722+0200][gc,cpu      ] GC(4) User=0.04s Sys=0.01s Real=0.01s
[2023-09-10T18:34:41.722+0200][gc          ] GC(5) Concurrent Mark Cycle
[2023-09-10T18:34:41.722+0200][gc,marking  ] GC(5) Concurrent Scan Root Regions
[2023-09-10T18:34:41.726+0200][gc,marking  ] GC(5) Concurrent Scan Root Regions 3.880ms
[2023-09-10T18:34:41.726+0200][gc,marking  ] GC(5) Concurrent Mark
[2023-09-10T18:34:41.726+0200][gc,marking  ] GC(5) Concurrent Mark From Roots
[2023-09-10T18:34:41.726+0200][gc,task     ] GC(5) Using 3 workers of 3 for marking
[2023-09-10T18:34:41.731+0200][gc,marking  ] GC(5) Concurrent Mark From Roots 5.354ms
[2023-09-10T18:34:41.731+0200][gc,marking  ] GC(5) Concurrent Preclean
[2023-09-10T18:34:41.732+0200][gc,marking  ] GC(5) Concurrent Preclean 0.107ms
[2023-09-10T18:34:41.732+0200][gc,start    ] GC(5) Pause Remark
[2023-09-10T18:34:41.733+0200][gc          ] GC(5) Pause Remark 145M->145M(1024M) 1.696ms
[2023-09-10T18:34:41.733+0200][gc,cpu      ] GC(5) User=0.01s Sys=0.00s Real=0.00s
[2023-09-10T18:34:41.734+0200][gc,marking  ] GC(5) Concurrent Mark 7.534ms
[2023-09-10T18:34:41.734+0200][gc,marking  ] GC(5) Concurrent Rebuild Remembered Sets and Scrub Regions
[2023-09-10T18:34:41.737+0200][gc,marking  ] GC(5) Concurrent Rebuild Remembered Sets and Scrub Regions 3.227ms
[2023-09-10T18:34:41.737+0200][gc,start    ] GC(5) Pause Cleanup
[2023-09-10T18:34:41.737+0200][gc          ] GC(5) Pause Cleanup 146M->146M(1024M) 0.156ms
[2023-09-10T18:34:41.737+0200][gc,cpu      ] GC(5) User=0.00s Sys=0.00s Real=0.00s
[2023-09-10T18:34:41.737+0200][gc,marking  ] GC(5) Concurrent Clear Claimed Marks
[2023-09-10T18:34:41.737+0200][gc,marking  ] GC(5) Concurrent Clear Claimed Marks 0.059ms
[2023-09-10T18:34:41.737+0200][gc,marking  ] GC(5) Concurrent Cleanup for Next Mark
[2023-09-10T18:34:41.739+0200][gc,marking  ] GC(5) Concurrent Cleanup for Next Mark 1.592ms
[2023-09-10T18:34:41.739+0200][gc          ] GC(5) Concurrent Mark Cycle 16.985ms
[2023-09-10T18:43:21.056+0200][gc,start    ] GC(6) Pause Young (Normal) (G1 Evacuation Pause)
[2023-09-10T18:43:21.056+0200][gc,task     ] GC(6) Using 10 workers of 10 for evacuation
[2023-09-10T18:43:21.060+0200][gc,phases   ] GC(6)   Pre Evacuate Collection Set: 0.2ms
[2023-09-10T18:43:21.060+0200][gc,phases   ] GC(6)   Merge Heap Roots: 0.1ms
[2023-09-10T18:43:21.060+0200][gc,phases   ] GC(6)   Evacuate Collection Set: 3.0ms
[2023-09-10T18:43:21.060+0200][gc,phases   ] GC(6)   Post Evacuate Collection Set: 0.8ms
[2023-09-10T18:43:21.060+0200][gc,phases   ] GC(6)   Other: 0.1ms
[2023-09-10T18:43:21.060+0200][gc,heap     ] GC(6) Eden regions: 48->0(46)
[2023-09-10T18:43:21.060+0200][gc,heap     ] GC(6) Survivor regions: 3->5(7)
[2023-09-10T18:43:21.060+0200][gc,heap     ] GC(6) Old regions: 13->13
[2023-09-10T18:43:21.060+0200][gc,heap     ] GC(6) Archive regions: 2->2
[2023-09-10T18:43:21.060+0200][gc,heap     ] GC(6) Humongous regions: 135->129
[2023-09-10T18:43:21.060+0200][gc,metaspace] GC(6) Metaspace: 41319K(41984K)->41319K(41984K) NonClass: 36455K(36800K)->36455K(36800K) Class: 4864K(5184K)->4864K(5184K)
[2023-09-10T18:43:21.060+0200][gc          ] GC(6) Pause Young (Normal) (G1 Evacuation Pause) 198M->147M(1024M) 4.517ms
[2023-09-10T18:43:21.060+0200][gc,cpu      ] GC(6) User=0.03s Sys=0.00s Real=0.01s
[2023-09-10T18:48:27.518+0200][gc,heap,exit] Heap
[2023-09-10T18:48:27.518+0200][gc,heap,exit]  garbage-first heap   total 1048576K, used 190024K [0x00000007c0000000, 0x0000000800000000)
[2023-09-10T18:48:27.518+0200][gc,heap,exit]   region size 1024K, 44 young (45056K), 5 survivors (5120K)
[2023-09-10T18:48:27.518+0200][gc,heap,exit]  Metaspace       used 42456K, committed 43200K, reserved 1114112K
[2023-09-10T18:48:27.518+0200][gc,heap,exit]   class space    used 5052K, committed 5376K, reserved 1048576K
