[2023-09-10T18:52:14.229+0200][gc,init] CardTable entry size: 512
[2023-09-10T18:52:14.229+0200][gc     ] Using G1
[2023-09-10T18:52:14.237+0200][gc,init] Version: 20.0.2+9-78 (release)
[2023-09-10T18:52:14.237+0200][gc,init] CPUs: 12 total, 12 available
[2023-09-10T18:52:14.237+0200][gc,init] Memory: 16384M
[2023-09-10T18:52:14.237+0200][gc,init] Large Page Support: Disabled
[2023-09-10T18:52:14.237+0200][gc,init] NUMA Support: Disabled
[2023-09-10T18:52:14.237+0200][gc,init] Compressed Oops: Enabled (Zero based)
[2023-09-10T18:52:14.237+0200][gc,init] Heap Region Size: 1M
[2023-09-10T18:52:14.237+0200][gc,init] Heap Min Capacity: 1G
[2023-09-10T18:52:14.237+0200][gc,init] Heap Initial Capacity: 1G
[2023-09-10T18:52:14.237+0200][gc,init] Heap Max Capacity: 1G
[2023-09-10T18:52:14.237+0200][gc,init] Pre-touch: Disabled
[2023-09-10T18:52:14.237+0200][gc,init] Parallel Workers: 10
[2023-09-10T18:52:14.237+0200][gc,init] Concurrent Workers: 3
[2023-09-10T18:52:14.237+0200][gc,init] Concurrent Refinement Workers: 10
[2023-09-10T18:52:14.237+0200][gc,init] Periodic GC: Disabled
[2023-09-10T18:52:14.247+0200][gc,metaspace] CDS archive(s) mapped at: [0x0000000125400000-0x0000000126074000-0x0000000126074000), size 13058048, SharedBaseAddress: 0x0000000125400000, ArchiveRelocationMode: 1.
[2023-09-10T18:52:14.247+0200][gc,metaspace] Compressed class space mapped at: 0x0000000126400000-0x0000000166400000, reserved size: 1073741824
[2023-09-10T18:52:14.247+0200][gc,metaspace] Narrow klass base: 0x0000000125400000, Narrow klass shift: 0, Narrow klass range: 0x100000000
[2023-09-10T18:52:15.846+0200][gc,start    ] GC(0) Pause Young (Normal) (G1 Evacuation Pause)
[2023-09-10T18:52:15.846+0200][gc,task     ] GC(0) Using 10 workers of 10 for evacuation
[2023-09-10T18:52:15.851+0200][gc,phases   ] GC(0)   Pre Evacuate Collection Set: 0.1ms
[2023-09-10T18:52:15.851+0200][gc,phases   ] GC(0)   Merge Heap Roots: 0.1ms
[2023-09-10T18:52:15.851+0200][gc,phases   ] GC(0)   Evacuate Collection Set: 3.6ms
[2023-09-10T18:52:15.851+0200][gc,phases   ] GC(0)   Post Evacuate Collection Set: 0.7ms
[2023-09-10T18:52:15.851+0200][gc,phases   ] GC(0)   Other: 0.7ms
[2023-09-10T18:52:15.851+0200][gc,heap     ] GC(0) Eden regions: 51->0(44)
[2023-09-10T18:52:15.851+0200][gc,heap     ] GC(0) Survivor regions: 0->7(7)
[2023-09-10T18:52:15.851+0200][gc,heap     ] GC(0) Old regions: 0->1
[2023-09-10T18:52:15.851+0200][gc,heap     ] GC(0) Archive regions: 2->2
[2023-09-10T18:52:15.851+0200][gc,heap     ] GC(0) Humongous regions: 0->0
[2023-09-10T18:52:15.851+0200][gc,metaspace] GC(0) Metaspace: 18364K(18624K)->18364K(18624K) NonClass: 16254K(16384K)->16254K(16384K) Class: 2110K(2240K)->2110K(2240K)
[2023-09-10T18:52:15.851+0200][gc          ] GC(0) Pause Young (Normal) (G1 Evacuation Pause) 51M->8M(1024M) 5.653ms
[2023-09-10T18:52:15.851+0200][gc,cpu      ] GC(0) User=0.02s Sys=0.01s Real=0.01s
[2023-09-10T18:52:16.226+0200][gc,start    ] GC(1) Pause Young (Concurrent Start) (Metadata GC Threshold)
[2023-09-10T18:52:16.226+0200][gc,task     ] GC(1) Using 10 workers of 10 for evacuation
[2023-09-10T18:52:16.231+0200][gc,phases   ] GC(1)   Pre Evacuate Collection Set: 0.3ms
[2023-09-10T18:52:16.231+0200][gc,phases   ] GC(1)   Merge Heap Roots: 0.1ms
[2023-09-10T18:52:16.231+0200][gc,phases   ] GC(1)   Evacuate Collection Set: 4.0ms
[2023-09-10T18:52:16.231+0200][gc,phases   ] GC(1)   Post Evacuate Collection Set: 0.4ms
[2023-09-10T18:52:16.231+0200][gc,phases   ] GC(1)   Other: 0.1ms
[2023-09-10T18:52:16.231+0200][gc,heap     ] GC(1) Eden regions: 13->0(49)
[2023-09-10T18:52:16.231+0200][gc,heap     ] GC(1) Survivor regions: 7->2(7)
[2023-09-10T18:52:16.231+0200][gc,heap     ] GC(1) Old regions: 1->8
[2023-09-10T18:52:16.231+0200][gc,heap     ] GC(1) Archive regions: 2->2
[2023-09-10T18:52:16.231+0200][gc,heap     ] GC(1) Humongous regions: 129->129
[2023-09-10T18:52:16.231+0200][gc,metaspace] GC(1) Metaspace: 21249K(21504K)->21249K(21504K) NonClass: 18768K(18880K)->18768K(18880K) Class: 2481K(2624K)->2481K(2624K)
[2023-09-10T18:52:16.231+0200][gc          ] GC(1) Pause Young (Concurrent Start) (Metadata GC Threshold) 149M->138M(1024M) 5.206ms
[2023-09-10T18:52:16.232+0200][gc,cpu      ] GC(1) User=0.03s Sys=0.01s Real=0.01s
[2023-09-10T18:52:16.232+0200][gc          ] GC(2) Concurrent Mark Cycle
[2023-09-10T18:52:16.232+0200][gc,marking  ] GC(2) Concurrent Scan Root Regions
[2023-09-10T18:52:16.234+0200][gc,marking  ] GC(2) Concurrent Scan Root Regions 2.546ms
[2023-09-10T18:52:16.234+0200][gc,marking  ] GC(2) Concurrent Mark
[2023-09-10T18:52:16.234+0200][gc,marking  ] GC(2) Concurrent Mark From Roots
[2023-09-10T18:52:16.234+0200][gc,task     ] GC(2) Using 3 workers of 3 for marking
[2023-09-10T18:52:16.236+0200][gc,marking  ] GC(2) Concurrent Mark From Roots 1.313ms
[2023-09-10T18:52:16.236+0200][gc,marking  ] GC(2) Concurrent Preclean
[2023-09-10T18:52:16.236+0200][gc,marking  ] GC(2) Concurrent Preclean 0.018ms
[2023-09-10T18:52:16.236+0200][gc,start    ] GC(2) Pause Remark
[2023-09-10T18:52:16.238+0200][gc          ] GC(2) Pause Remark 139M->139M(1024M) 1.616ms
[2023-09-10T18:52:16.238+0200][gc,cpu      ] GC(2) User=0.00s Sys=0.00s Real=0.00s
[2023-09-10T18:52:16.238+0200][gc,marking  ] GC(2) Concurrent Mark 3.633ms
[2023-09-10T18:52:16.238+0200][gc,marking  ] GC(2) Concurrent Rebuild Remembered Sets and Scrub Regions
[2023-09-10T18:52:16.240+0200][gc,marking  ] GC(2) Concurrent Rebuild Remembered Sets and Scrub Regions 1.686ms
[2023-09-10T18:52:16.240+0200][gc,start    ] GC(2) Pause Cleanup
[2023-09-10T18:52:16.240+0200][gc          ] GC(2) Pause Cleanup 139M->139M(1024M) 0.144ms
[2023-09-10T18:52:16.240+0200][gc,cpu      ] GC(2) User=0.00s Sys=0.00s Real=0.00s
[2023-09-10T18:52:16.240+0200][gc,marking  ] GC(2) Concurrent Clear Claimed Marks
[2023-09-10T18:52:16.240+0200][gc,marking  ] GC(2) Concurrent Clear Claimed Marks 0.019ms
[2023-09-10T18:52:16.240+0200][gc,marking  ] GC(2) Concurrent Cleanup for Next Mark
[2023-09-10T18:52:16.246+0200][gc,marking  ] GC(2) Concurrent Cleanup for Next Mark 5.931ms
[2023-09-10T18:52:16.246+0200][gc          ] GC(2) Concurrent Mark Cycle 14.407ms
[2023-09-10T18:52:16.945+0200][gc,start    ] GC(3) Pause Young (Normal) (G1 Evacuation Pause)
[2023-09-10T18:52:16.945+0200][gc,task     ] GC(3) Using 10 workers of 10 for evacuation
[2023-09-10T18:52:16.949+0200][gc,phases   ] GC(3)   Pre Evacuate Collection Set: 0.1ms
[2023-09-10T18:52:16.949+0200][gc,phases   ] GC(3)   Merge Heap Roots: 0.1ms
[2023-09-10T18:52:16.949+0200][gc,phases   ] GC(3)   Evacuate Collection Set: 3.0ms
[2023-09-10T18:52:16.949+0200][gc,phases   ] GC(3)   Post Evacuate Collection Set: 0.5ms
[2023-09-10T18:52:16.949+0200][gc,phases   ] GC(3)   Other: 0.1ms
[2023-09-10T18:52:16.949+0200][gc,heap     ] GC(3) Eden regions: 49->0(44)
[2023-09-10T18:52:16.949+0200][gc,heap     ] GC(3) Survivor regions: 2->7(7)
[2023-09-10T18:52:16.949+0200][gc,heap     ] GC(3) Old regions: 8->8
[2023-09-10T18:52:16.949+0200][gc,heap     ] GC(3) Archive regions: 2->2
[2023-09-10T18:52:16.949+0200][gc,heap     ] GC(3) Humongous regions: 129->129
[2023-09-10T18:52:16.949+0200][gc,metaspace] GC(3) Metaspace: 32897K(33216K)->32897K(33216K) NonClass: 29337K(29504K)->29337K(29504K) Class: 3560K(3712K)->3560K(3712K)
[2023-09-10T18:52:16.949+0200][gc          ] GC(3) Pause Young (Normal) (G1 Evacuation Pause) 187M->143M(1024M) 4.024ms
[2023-09-10T18:52:16.949+0200][gc,cpu      ] GC(3) User=0.04s Sys=0.01s Real=0.00s
[2023-09-10T18:52:46.726+0200][gc,start    ] GC(4) Pause Young (Concurrent Start) (Metadata GC Threshold)
[2023-09-10T18:52:46.726+0200][gc,task     ] GC(4) Using 10 workers of 10 for evacuation
[2023-09-10T18:52:46.730+0200][gc,phases   ] GC(4)   Pre Evacuate Collection Set: 0.2ms
[2023-09-10T18:52:46.730+0200][gc,phases   ] GC(4)   Merge Heap Roots: 0.1ms
[2023-09-10T18:52:46.730+0200][gc,phases   ] GC(4)   Evacuate Collection Set: 3.7ms
[2023-09-10T18:52:46.730+0200][gc,phases   ] GC(4)   Post Evacuate Collection Set: 0.5ms
[2023-09-10T18:52:46.730+0200][gc,phases   ] GC(4)   Other: 0.1ms
[2023-09-10T18:52:46.730+0200][gc,heap     ] GC(4) Eden regions: 15->0(49)
[2023-09-10T18:52:46.730+0200][gc,heap     ] GC(4) Survivor regions: 7->2(7)
[2023-09-10T18:52:46.730+0200][gc,heap     ] GC(4) Old regions: 8->14
[2023-09-10T18:52:46.730+0200][gc,heap     ] GC(4) Archive regions: 2->2
[2023-09-10T18:52:46.730+0200][gc,heap     ] GC(4) Humongous regions: 129->129
[2023-09-10T18:52:46.730+0200][gc,metaspace] GC(4) Metaspace: 35761K(36096K)->35761K(36096K) NonClass: 31705K(31936K)->31705K(31936K) Class: 4055K(4160K)->4055K(4160K)
[2023-09-10T18:52:46.730+0200][gc          ] GC(4) Pause Young (Concurrent Start) (Metadata GC Threshold) 157M->144M(1024M) 4.917ms
[2023-09-10T18:52:46.730+0200][gc,cpu      ] GC(4) User=0.02s Sys=0.00s Real=0.01s
[2023-09-10T18:52:46.730+0200][gc          ] GC(5) Concurrent Mark Cycle
[2023-09-10T18:52:46.731+0200][gc,marking  ] GC(5) Concurrent Scan Root Regions
[2023-09-10T18:52:46.734+0200][gc,marking  ] GC(5) Concurrent Scan Root Regions 2.997ms
[2023-09-10T18:52:46.734+0200][gc,marking  ] GC(5) Concurrent Mark
[2023-09-10T18:52:46.734+0200][gc,marking  ] GC(5) Concurrent Mark From Roots
[2023-09-10T18:52:46.734+0200][gc,task     ] GC(5) Using 3 workers of 3 for marking
[2023-09-10T18:52:46.738+0200][gc,marking  ] GC(5) Concurrent Mark From Roots 4.483ms
[2023-09-10T18:52:46.738+0200][gc,marking  ] GC(5) Concurrent Preclean
[2023-09-10T18:52:46.738+0200][gc,marking  ] GC(5) Concurrent Preclean 0.051ms
[2023-09-10T18:52:46.738+0200][gc,start    ] GC(5) Pause Remark
[2023-09-10T18:52:46.740+0200][gc          ] GC(5) Pause Remark 145M->145M(1024M) 1.686ms
[2023-09-10T18:52:46.740+0200][gc,cpu      ] GC(5) User=0.02s Sys=0.01s Real=0.01s
[2023-09-10T18:52:46.740+0200][gc,marking  ] GC(5) Concurrent Mark 6.533ms
[2023-09-10T18:52:46.740+0200][gc,marking  ] GC(5) Concurrent Rebuild Remembered Sets and Scrub Regions
[2023-09-10T18:52:46.744+0200][gc,marking  ] GC(5) Concurrent Rebuild Remembered Sets and Scrub Regions 3.887ms
[2023-09-10T18:52:46.744+0200][gc,start    ] GC(5) Pause Cleanup
[2023-09-10T18:52:46.744+0200][gc          ] GC(5) Pause Cleanup 145M->145M(1024M) 0.218ms
[2023-09-10T18:52:46.744+0200][gc,cpu      ] GC(5) User=0.00s Sys=0.00s Real=0.00s
[2023-09-10T18:52:46.744+0200][gc,marking  ] GC(5) Concurrent Clear Claimed Marks
[2023-09-10T18:52:46.745+0200][gc,marking  ] GC(5) Concurrent Clear Claimed Marks 0.024ms
[2023-09-10T18:52:46.745+0200][gc,marking  ] GC(5) Concurrent Cleanup for Next Mark
[2023-09-10T18:52:46.746+0200][gc,marking  ] GC(5) Concurrent Cleanup for Next Mark 1.469ms
[2023-09-10T18:52:46.746+0200][gc          ] GC(5) Concurrent Mark Cycle 15.541ms
[2023-09-10T18:56:31.274+0200][gc,start    ] GC(6) Pause Young (Normal) (G1 Evacuation Pause)
[2023-09-10T18:56:31.274+0200][gc,task     ] GC(6) Using 10 workers of 10 for evacuation
[2023-09-10T18:56:31.277+0200][gc,phases   ] GC(6)   Pre Evacuate Collection Set: 0.1ms
[2023-09-10T18:56:31.277+0200][gc,phases   ] GC(6)   Merge Heap Roots: 0.1ms
[2023-09-10T18:56:31.277+0200][gc,phases   ] GC(6)   Evacuate Collection Set: 2.3ms
[2023-09-10T18:56:31.277+0200][gc,phases   ] GC(6)   Post Evacuate Collection Set: 0.6ms
[2023-09-10T18:56:31.277+0200][gc,phases   ] GC(6)   Other: 0.1ms
[2023-09-10T18:56:31.277+0200][gc,heap     ] GC(6) Eden regions: 49->0(46)
[2023-09-10T18:56:31.277+0200][gc,heap     ] GC(6) Survivor regions: 2->5(7)
[2023-09-10T18:56:31.277+0200][gc,heap     ] GC(6) Old regions: 14->14
[2023-09-10T18:56:31.277+0200][gc,heap     ] GC(6) Archive regions: 2->2
[2023-09-10T18:56:31.277+0200][gc,heap     ] GC(6) Humongous regions: 129->129
[2023-09-10T18:56:31.277+0200][gc,metaspace] GC(6) Metaspace: 41402K(42048K)->41402K(42048K) NonClass: 36542K(36928K)->36542K(36928K) Class: 4859K(5120K)->4859K(5120K)
[2023-09-10T18:56:31.277+0200][gc          ] GC(6) Pause Young (Normal) (G1 Evacuation Pause) 193M->147M(1024M) 3.546ms
[2023-09-10T18:56:31.277+0200][gc,cpu      ] GC(6) User=0.02s Sys=0.00s Real=0.00s
[2023-09-10T18:59:12.883+0200][gc,heap,exit] Heap
[2023-09-10T18:59:12.883+0200][gc,heap,exit]  garbage-first heap   total 1048576K, used 179756K [0x00000007c0000000, 0x0000000800000000)
[2023-09-10T18:59:12.883+0200][gc,heap,exit]   region size 1024K, 33 young (33792K), 5 survivors (5120K)
[2023-09-10T18:59:12.883+0200][gc,heap,exit]  Metaspace       used 42621K, committed 43328K, reserved 1114112K
[2023-09-10T18:59:12.883+0200][gc,heap,exit]   class space    used 5083K, committed 5376K, reserved 1048576K
