[2023-09-10T18:17:18.816+0200][gc,init] CardTable entry size: 512
[2023-09-10T18:17:18.816+0200][gc     ] Using G1
[2023-09-10T18:17:18.824+0200][gc,init] Version: 20.0.2+9-78 (release)
[2023-09-10T18:17:18.824+0200][gc,init] CPUs: 12 total, 12 available
[2023-09-10T18:17:18.824+0200][gc,init] Memory: 16384M
[2023-09-10T18:17:18.824+0200][gc,init] Large Page Support: Disabled
[2023-09-10T18:17:18.824+0200][gc,init] NUMA Support: Disabled
[2023-09-10T18:17:18.824+0200][gc,init] Compressed Oops: Enabled (Zero based)
[2023-09-10T18:17:18.824+0200][gc,init] Heap Region Size: 1M
[2023-09-10T18:17:18.824+0200][gc,init] Heap Min Capacity: 1G
[2023-09-10T18:17:18.824+0200][gc,init] Heap Initial Capacity: 1G
[2023-09-10T18:17:18.824+0200][gc,init] Heap Max Capacity: 1G
[2023-09-10T18:17:18.824+0200][gc,init] Pre-touch: Disabled
[2023-09-10T18:17:18.824+0200][gc,init] Parallel Workers: 10
[2023-09-10T18:17:18.824+0200][gc,init] Concurrent Workers: 3
[2023-09-10T18:17:18.824+0200][gc,init] Concurrent Refinement Workers: 10
[2023-09-10T18:17:18.824+0200][gc,init] Periodic GC: Disabled
[2023-09-10T18:17:18.833+0200][gc,metaspace] CDS archive(s) mapped at: [0x0000000121c00000-0x0000000122874000-0x0000000122874000), size 13058048, SharedBaseAddress: 0x0000000121c00000, ArchiveRelocationMode: 1.
[2023-09-10T18:17:18.833+0200][gc,metaspace] Compressed class space mapped at: 0x0000000122c00000-0x0000000162c00000, reserved size: 1073741824
[2023-09-10T18:17:18.833+0200][gc,metaspace] Narrow klass base: 0x0000000121c00000, Narrow klass shift: 0, Narrow klass range: 0x100000000
[2023-09-10T18:17:20.470+0200][gc,start    ] GC(0) Pause Young (Normal) (G1 Evacuation Pause)
[2023-09-10T18:17:20.470+0200][gc,task     ] GC(0) Using 10 workers of 10 for evacuation
[2023-09-10T18:17:20.475+0200][gc,phases   ] GC(0)   Pre Evacuate Collection Set: 0.2ms
[2023-09-10T18:17:20.475+0200][gc,phases   ] GC(0)   Merge Heap Roots: 0.1ms
[2023-09-10T18:17:20.475+0200][gc,phases   ] GC(0)   Evacuate Collection Set: 3.6ms
[2023-09-10T18:17:20.475+0200][gc,phases   ] GC(0)   Post Evacuate Collection Set: 0.7ms
[2023-09-10T18:17:20.475+0200][gc,phases   ] GC(0)   Other: 0.7ms
[2023-09-10T18:17:20.475+0200][gc,heap     ] GC(0) Eden regions: 51->0(44)
[2023-09-10T18:17:20.475+0200][gc,heap     ] GC(0) Survivor regions: 0->7(7)
[2023-09-10T18:17:20.475+0200][gc,heap     ] GC(0) Old regions: 0->1
[2023-09-10T18:17:20.475+0200][gc,heap     ] GC(0) Archive regions: 2->2
[2023-09-10T18:17:20.475+0200][gc,heap     ] GC(0) Humongous regions: 0->0
[2023-09-10T18:17:20.475+0200][gc,metaspace] GC(0) Metaspace: 18316K(18560K)->18316K(18560K) NonClass: 16207K(16320K)->16207K(16320K) Class: 2109K(2240K)->2109K(2240K)
[2023-09-10T18:17:20.475+0200][gc          ] GC(0) Pause Young (Normal) (G1 Evacuation Pause) 51M->8M(1024M) 5.623ms
[2023-09-10T18:17:20.475+0200][gc,cpu      ] GC(0) User=0.03s Sys=0.01s Real=0.00s
[2023-09-10T18:17:20.876+0200][gc,start    ] GC(1) Pause Young (Concurrent Start) (Metadata GC Threshold)
[2023-09-10T18:17:20.876+0200][gc,task     ] GC(1) Using 10 workers of 10 for evacuation
[2023-09-10T18:17:20.881+0200][gc,phases   ] GC(1)   Pre Evacuate Collection Set: 0.2ms
[2023-09-10T18:17:20.881+0200][gc,phases   ] GC(1)   Merge Heap Roots: 0.1ms
[2023-09-10T18:17:20.881+0200][gc,phases   ] GC(1)   Evacuate Collection Set: 4.0ms
[2023-09-10T18:17:20.881+0200][gc,phases   ] GC(1)   Post Evacuate Collection Set: 0.5ms
[2023-09-10T18:17:20.881+0200][gc,phases   ] GC(1)   Other: 0.1ms
[2023-09-10T18:17:20.881+0200][gc,heap     ] GC(1) Eden regions: 13->0(49)
[2023-09-10T18:17:20.881+0200][gc,heap     ] GC(1) Survivor regions: 7->2(7)
[2023-09-10T18:17:20.881+0200][gc,heap     ] GC(1) Old regions: 1->8
[2023-09-10T18:17:20.881+0200][gc,heap     ] GC(1) Archive regions: 2->2
[2023-09-10T18:17:20.881+0200][gc,heap     ] GC(1) Humongous regions: 129->129
[2023-09-10T18:17:20.881+0200][gc,metaspace] GC(1) Metaspace: 21235K(21504K)->21235K(21504K) NonClass: 18756K(18880K)->18756K(18880K) Class: 2479K(2624K)->2479K(2624K)
[2023-09-10T18:17:20.881+0200][gc          ] GC(1) Pause Young (Concurrent Start) (Metadata GC Threshold) 149M->139M(1024M) 5.216ms
[2023-09-10T18:17:20.881+0200][gc,cpu      ] GC(1) User=0.03s Sys=0.01s Real=0.01s
[2023-09-10T18:17:20.881+0200][gc          ] GC(2) Concurrent Mark Cycle
[2023-09-10T18:17:20.881+0200][gc,marking  ] GC(2) Concurrent Scan Root Regions
[2023-09-10T18:17:20.884+0200][gc,marking  ] GC(2) Concurrent Scan Root Regions 2.268ms
[2023-09-10T18:17:20.884+0200][gc,marking  ] GC(2) Concurrent Mark
[2023-09-10T18:17:20.884+0200][gc,marking  ] GC(2) Concurrent Mark From Roots
[2023-09-10T18:17:20.884+0200][gc,task     ] GC(2) Using 3 workers of 3 for marking
[2023-09-10T18:17:20.885+0200][gc,marking  ] GC(2) Concurrent Mark From Roots 1.052ms
[2023-09-10T18:17:20.885+0200][gc,marking  ] GC(2) Concurrent Preclean
[2023-09-10T18:17:20.885+0200][gc,marking  ] GC(2) Concurrent Preclean 0.017ms
[2023-09-10T18:17:20.885+0200][gc,start    ] GC(2) Pause Remark
[2023-09-10T18:17:20.886+0200][gc          ] GC(2) Pause Remark 140M->140M(1024M) 1.585ms
[2023-09-10T18:17:20.886+0200][gc,cpu      ] GC(2) User=0.00s Sys=0.00s Real=0.00s
[2023-09-10T18:17:20.887+0200][gc,marking  ] GC(2) Concurrent Mark 2.958ms
[2023-09-10T18:17:20.887+0200][gc,marking  ] GC(2) Concurrent Rebuild Remembered Sets and Scrub Regions
[2023-09-10T18:17:20.888+0200][gc,marking  ] GC(2) Concurrent Rebuild Remembered Sets and Scrub Regions 1.790ms
[2023-09-10T18:17:20.889+0200][gc,start    ] GC(2) Pause Cleanup
[2023-09-10T18:17:20.889+0200][gc          ] GC(2) Pause Cleanup 140M->140M(1024M) 0.143ms
[2023-09-10T18:17:20.889+0200][gc,cpu      ] GC(2) User=0.00s Sys=0.00s Real=0.00s
[2023-09-10T18:17:20.889+0200][gc,marking  ] GC(2) Concurrent Clear Claimed Marks
[2023-09-10T18:17:20.889+0200][gc,marking  ] GC(2) Concurrent Clear Claimed Marks 0.020ms
[2023-09-10T18:17:20.889+0200][gc,marking  ] GC(2) Concurrent Cleanup for Next Mark
[2023-09-10T18:17:20.895+0200][gc,marking  ] GC(2) Concurrent Cleanup for Next Mark 5.771ms
[2023-09-10T18:17:20.895+0200][gc          ] GC(2) Concurrent Mark Cycle 13.603ms
[2023-09-10T18:17:21.588+0200][gc,start    ] GC(3) Pause Young (Normal) (G1 Evacuation Pause)
[2023-09-10T18:17:21.588+0200][gc,task     ] GC(3) Using 10 workers of 10 for evacuation
[2023-09-10T18:17:21.592+0200][gc,phases   ] GC(3)   Pre Evacuate Collection Set: 0.1ms
[2023-09-10T18:17:21.592+0200][gc,phases   ] GC(3)   Merge Heap Roots: 0.1ms
[2023-09-10T18:17:21.592+0200][gc,phases   ] GC(3)   Evacuate Collection Set: 2.8ms
[2023-09-10T18:17:21.592+0200][gc,phases   ] GC(3)   Post Evacuate Collection Set: 0.5ms
[2023-09-10T18:17:21.592+0200][gc,phases   ] GC(3)   Other: 0.1ms
[2023-09-10T18:17:21.592+0200][gc,heap     ] GC(3) Eden regions: 49->0(44)
[2023-09-10T18:17:21.592+0200][gc,heap     ] GC(3) Survivor regions: 2->7(7)
[2023-09-10T18:17:21.592+0200][gc,heap     ] GC(3) Old regions: 8->8
[2023-09-10T18:17:21.592+0200][gc,heap     ] GC(3) Archive regions: 2->2
[2023-09-10T18:17:21.592+0200][gc,heap     ] GC(3) Humongous regions: 129->129
[2023-09-10T18:17:21.592+0200][gc,metaspace] GC(3) Metaspace: 32867K(33152K)->32867K(33152K) NonClass: 29310K(29440K)->29310K(29440K) Class: 3557K(3712K)->3557K(3712K)
[2023-09-10T18:17:21.592+0200][gc          ] GC(3) Pause Young (Normal) (G1 Evacuation Pause) 188M->143M(1024M) 3.844ms
[2023-09-10T18:17:21.592+0200][gc,cpu      ] GC(3) User=0.03s Sys=0.00s Real=0.01s
[2023-09-10T18:21:19.304+0200][gc,start    ] GC(4) Pause Young (Concurrent Start) (Metadata GC Threshold)
[2023-09-10T18:21:19.304+0200][gc,task     ] GC(4) Using 10 workers of 10 for evacuation
[2023-09-10T18:21:19.309+0200][gc,phases   ] GC(4)   Pre Evacuate Collection Set: 0.2ms
[2023-09-10T18:21:19.309+0200][gc,phases   ] GC(4)   Merge Heap Roots: 0.1ms
[2023-09-10T18:21:19.309+0200][gc,phases   ] GC(4)   Evacuate Collection Set: 3.9ms
[2023-09-10T18:21:19.309+0200][gc,phases   ] GC(4)   Post Evacuate Collection Set: 0.5ms
[2023-09-10T18:21:19.309+0200][gc,phases   ] GC(4)   Other: 0.1ms
[2023-09-10T18:21:19.309+0200][gc,heap     ] GC(4) Eden regions: 15->0(49)
[2023-09-10T18:21:19.309+0200][gc,heap     ] GC(4) Survivor regions: 7->2(7)
[2023-09-10T18:21:19.309+0200][gc,heap     ] GC(4) Old regions: 8->14
[2023-09-10T18:21:19.309+0200][gc,heap     ] GC(4) Archive regions: 2->2
[2023-09-10T18:21:19.309+0200][gc,heap     ] GC(4) Humongous regions: 129->129
[2023-09-10T18:21:19.309+0200][gc,metaspace] GC(4) Metaspace: 35722K(36096K)->35722K(36096K) NonClass: 31702K(31936K)->31702K(31936K) Class: 4020K(4160K)->4020K(4160K)
[2023-09-10T18:21:19.309+0200][gc          ] GC(4) Pause Young (Concurrent Start) (Metadata GC Threshold) 158M->144M(1024M) 5.185ms
[2023-09-10T18:21:19.309+0200][gc,cpu      ] GC(4) User=0.03s Sys=0.00s Real=0.00s
[2023-09-10T18:21:19.309+0200][gc          ] GC(5) Concurrent Mark Cycle
[2023-09-10T18:21:19.309+0200][gc,marking  ] GC(5) Concurrent Scan Root Regions
[2023-09-10T18:21:19.312+0200][gc,marking  ] GC(5) Concurrent Scan Root Regions 2.726ms
[2023-09-10T18:21:19.312+0200][gc,marking  ] GC(5) Concurrent Mark
[2023-09-10T18:21:19.312+0200][gc,marking  ] GC(5) Concurrent Mark From Roots
[2023-09-10T18:21:19.312+0200][gc,task     ] GC(5) Using 3 workers of 3 for marking
[2023-09-10T18:21:19.316+0200][gc,marking  ] GC(5) Concurrent Mark From Roots 4.272ms
[2023-09-10T18:21:19.316+0200][gc,marking  ] GC(5) Concurrent Preclean
[2023-09-10T18:21:19.316+0200][gc,marking  ] GC(5) Concurrent Preclean 0.055ms
[2023-09-10T18:21:19.316+0200][gc,start    ] GC(5) Pause Remark
[2023-09-10T18:21:19.318+0200][gc          ] GC(5) Pause Remark 145M->145M(1024M) 1.678ms
[2023-09-10T18:21:19.318+0200][gc,cpu      ] GC(5) User=0.00s Sys=0.00s Real=0.00s
[2023-09-10T18:21:19.318+0200][gc,marking  ] GC(5) Concurrent Mark 6.416ms
[2023-09-10T18:21:19.318+0200][gc,marking  ] GC(5) Concurrent Rebuild Remembered Sets and Scrub Regions
[2023-09-10T18:21:19.323+0200][gc,marking  ] GC(5) Concurrent Rebuild Remembered Sets and Scrub Regions 4.657ms
[2023-09-10T18:21:19.323+0200][gc,start    ] GC(5) Pause Cleanup
[2023-09-10T18:21:19.323+0200][gc          ] GC(5) Pause Cleanup 146M->146M(1024M) 0.156ms
[2023-09-10T18:21:19.323+0200][gc,cpu      ] GC(5) User=0.00s Sys=0.00s Real=0.00s
[2023-09-10T18:21:19.323+0200][gc,marking  ] GC(5) Concurrent Clear Claimed Marks
[2023-09-10T18:21:19.323+0200][gc,marking  ] GC(5) Concurrent Clear Claimed Marks 0.026ms
[2023-09-10T18:21:19.323+0200][gc,marking  ] GC(5) Concurrent Cleanup for Next Mark
[2023-09-10T18:21:19.325+0200][gc,marking  ] GC(5) Concurrent Cleanup for Next Mark 1.534ms
[2023-09-10T18:21:19.325+0200][gc          ] GC(5) Concurrent Mark Cycle 15.990ms
[2023-09-10T18:27:57.960+0200][gc,start    ] GC(6) Pause Young (Prepare Mixed) (G1 Evacuation Pause)
[2023-09-10T18:27:57.960+0200][gc,task     ] GC(6) Using 10 workers of 10 for evacuation
[2023-09-10T18:27:57.964+0200][gc,phases   ] GC(6)   Pre Evacuate Collection Set: 0.2ms
[2023-09-10T18:27:57.964+0200][gc,phases   ] GC(6)   Merge Heap Roots: 0.1ms
[2023-09-10T18:27:57.964+0200][gc,phases   ] GC(6)   Evacuate Collection Set: 2.8ms
[2023-09-10T18:27:57.964+0200][gc,phases   ] GC(6)   Post Evacuate Collection Set: 0.6ms
[2023-09-10T18:27:57.964+0200][gc,phases   ] GC(6)   Other: 0.1ms
[2023-09-10T18:27:57.964+0200][gc,heap     ] GC(6) Eden regions: 49->0(46)
[2023-09-10T18:27:57.964+0200][gc,heap     ] GC(6) Survivor regions: 2->5(7)
[2023-09-10T18:27:57.964+0200][gc,heap     ] GC(6) Old regions: 14->14
[2023-09-10T18:27:57.964+0200][gc,heap     ] GC(6) Archive regions: 2->2
[2023-09-10T18:27:57.964+0200][gc,heap     ] GC(6) Humongous regions: 129->129
[2023-09-10T18:27:57.964+0200][gc,metaspace] GC(6) Metaspace: 41339K(41984K)->41339K(41984K) NonClass: 36461K(36800K)->36461K(36800K) Class: 4877K(5184K)->4877K(5184K)
[2023-09-10T18:27:57.964+0200][gc          ] GC(6) Pause Young (Prepare Mixed) (G1 Evacuation Pause) 193M->147M(1024M) 4.128ms
[2023-09-10T18:27:57.964+0200][gc,cpu      ] GC(6) User=0.03s Sys=0.00s Real=0.00s
[2023-09-10T18:31:18.966+0200][gc,heap,exit] Heap
[2023-09-10T18:31:18.966+0200][gc,heap,exit]  garbage-first heap   total 1048576K, used 173458K [0x00000007c0000000, 0x0000000800000000)
[2023-09-10T18:31:18.966+0200][gc,heap,exit]   region size 1024K, 27 young (27648K), 5 survivors (5120K)
[2023-09-10T18:31:18.966+0200][gc,heap,exit]  Metaspace       used 42376K, committed 43072K, reserved 1114112K
[2023-09-10T18:31:18.966+0200][gc,heap,exit]   class space    used 5048K, committed 5376K, reserved 1048576K
