[2023-09-10T18:18:50.958+0200][gc,init] CardTable entry size: 512
[2023-09-10T18:18:50.958+0200][gc     ] Using G1
[2023-09-10T18:18:50.965+0200][gc,init] Version: 20.0.2+9-78 (release)
[2023-09-10T18:18:50.965+0200][gc,init] CPUs: 12 total, 12 available
[2023-09-10T18:18:50.965+0200][gc,init] Memory: 16384M
[2023-09-10T18:18:50.965+0200][gc,init] Large Page Support: Disabled
[2023-09-10T18:18:50.965+0200][gc,init] NUMA Support: Disabled
[2023-09-10T18:18:50.965+0200][gc,init] Compressed Oops: Enabled (Zero based)
[2023-09-10T18:18:50.965+0200][gc,init] Heap Region Size: 1M
[2023-09-10T18:18:50.965+0200][gc,init] Heap Min Capacity: 1G
[2023-09-10T18:18:50.966+0200][gc,init] Heap Initial Capacity: 1G
[2023-09-10T18:18:50.966+0200][gc,init] Heap Max Capacity: 1G
[2023-09-10T18:18:50.966+0200][gc,init] Pre-touch: Disabled
[2023-09-10T18:18:50.966+0200][gc,init] Parallel Workers: 10
[2023-09-10T18:18:50.966+0200][gc,init] Concurrent Workers: 3
[2023-09-10T18:18:50.966+0200][gc,init] Concurrent Refinement Workers: 10
[2023-09-10T18:18:50.966+0200][gc,init] Periodic GC: Disabled
[2023-09-10T18:18:50.975+0200][gc,metaspace] CDS archive(s) mapped at: [0x0000000121000000-0x0000000121c74000-0x0000000121c74000), size 13058048, SharedBaseAddress: 0x0000000121000000, ArchiveRelocationMode: 1.
[2023-09-10T18:18:50.975+0200][gc,metaspace] Compressed class space mapped at: 0x0000000122000000-0x0000000162000000, reserved size: 1073741824
[2023-09-10T18:18:50.975+0200][gc,metaspace] Narrow klass base: 0x0000000121000000, Narrow klass shift: 0, Narrow klass range: 0x100000000
[2023-09-10T18:18:52.046+0200][gc,start    ] GC(0) Pause Young (Normal) (G1 Evacuation Pause)
[2023-09-10T18:18:52.047+0200][gc,task     ] GC(0) Using 10 workers of 10 for evacuation
[2023-09-10T18:18:52.052+0200][gc,phases   ] GC(0)   Pre Evacuate Collection Set: 0.2ms
[2023-09-10T18:18:52.052+0200][gc,phases   ] GC(0)   Merge Heap Roots: 0.1ms
[2023-09-10T18:18:52.052+0200][gc,phases   ] GC(0)   Evacuate Collection Set: 4.0ms
[2023-09-10T18:18:52.052+0200][gc,phases   ] GC(0)   Post Evacuate Collection Set: 0.7ms
[2023-09-10T18:18:52.052+0200][gc,phases   ] GC(0)   Other: 0.6ms
[2023-09-10T18:18:52.052+0200][gc,heap     ] GC(0) Eden regions: 51->0(44)
[2023-09-10T18:18:52.052+0200][gc,heap     ] GC(0) Survivor regions: 0->7(7)
[2023-09-10T18:18:52.052+0200][gc,heap     ] GC(0) Old regions: 0->1
[2023-09-10T18:18:52.052+0200][gc,heap     ] GC(0) Archive regions: 2->2
[2023-09-10T18:18:52.052+0200][gc,heap     ] GC(0) Humongous regions: 0->0
[2023-09-10T18:18:52.052+0200][gc,metaspace] GC(0) Metaspace: 18735K(19008K)->18735K(19008K) NonClass: 16746K(16896K)->16746K(16896K) Class: 1988K(2112K)->1988K(2112K)
[2023-09-10T18:18:52.052+0200][gc          ] GC(0) Pause Young (Normal) (G1 Evacuation Pause) 51M->8M(1024M) 6.048ms
[2023-09-10T18:18:52.052+0200][gc,cpu      ] GC(0) User=0.03s Sys=0.01s Real=0.01s
[2023-09-10T18:18:52.237+0200][gc,start    ] GC(1) Pause Young (Concurrent Start) (Metadata GC Threshold)
[2023-09-10T18:18:52.238+0200][gc,task     ] GC(1) Using 10 workers of 10 for evacuation
[2023-09-10T18:18:52.242+0200][gc,phases   ] GC(1)   Pre Evacuate Collection Set: 0.3ms
[2023-09-10T18:18:52.243+0200][gc,phases   ] GC(1)   Merge Heap Roots: 0.1ms
[2023-09-10T18:18:52.243+0200][gc,phases   ] GC(1)   Evacuate Collection Set: 4.0ms
[2023-09-10T18:18:52.243+0200][gc,phases   ] GC(1)   Post Evacuate Collection Set: 0.4ms
[2023-09-10T18:18:52.243+0200][gc,phases   ] GC(1)   Other: 0.1ms
[2023-09-10T18:18:52.243+0200][gc,heap     ] GC(1) Eden regions: 12->0(49)
[2023-09-10T18:18:52.243+0200][gc,heap     ] GC(1) Survivor regions: 7->2(7)
[2023-09-10T18:18:52.243+0200][gc,heap     ] GC(1) Old regions: 1->8
[2023-09-10T18:18:52.243+0200][gc,heap     ] GC(1) Archive regions: 2->2
[2023-09-10T18:18:52.243+0200][gc,heap     ] GC(1) Humongous regions: 0->0
[2023-09-10T18:18:52.243+0200][gc,metaspace] GC(1) Metaspace: 21299K(21504K)->21299K(21504K) NonClass: 18974K(19072K)->18974K(19072K) Class: 2324K(2432K)->2324K(2432K)
[2023-09-10T18:18:52.243+0200][gc          ] GC(1) Pause Young (Concurrent Start) (Metadata GC Threshold) 20M->10M(1024M) 5.187ms
[2023-09-10T18:18:52.243+0200][gc,cpu      ] GC(1) User=0.04s Sys=0.01s Real=0.01s
[2023-09-10T18:18:52.243+0200][gc          ] GC(2) Concurrent Mark Cycle
[2023-09-10T18:18:52.243+0200][gc,marking  ] GC(2) Concurrent Scan Root Regions
[2023-09-10T18:18:52.245+0200][gc,marking  ] GC(2) Concurrent Scan Root Regions 2.268ms
[2023-09-10T18:18:52.245+0200][gc,marking  ] GC(2) Concurrent Mark
[2023-09-10T18:18:52.245+0200][gc,marking  ] GC(2) Concurrent Mark From Roots
[2023-09-10T18:18:52.245+0200][gc,task     ] GC(2) Using 3 workers of 3 for marking
[2023-09-10T18:18:52.246+0200][gc,marking  ] GC(2) Concurrent Mark From Roots 0.887ms
[2023-09-10T18:18:52.246+0200][gc,marking  ] GC(2) Concurrent Preclean
[2023-09-10T18:18:52.246+0200][gc,marking  ] GC(2) Concurrent Preclean 0.017ms
[2023-09-10T18:18:52.246+0200][gc,start    ] GC(2) Pause Remark
[2023-09-10T18:18:52.248+0200][gc          ] GC(2) Pause Remark 11M->11M(1024M) 1.593ms
[2023-09-10T18:18:52.248+0200][gc,cpu      ] GC(2) User=0.01s Sys=0.00s Real=0.00s
[2023-09-10T18:18:52.248+0200][gc,marking  ] GC(2) Concurrent Mark 2.745ms
[2023-09-10T18:18:52.248+0200][gc,marking  ] GC(2) Concurrent Rebuild Remembered Sets and Scrub Regions
[2023-09-10T18:18:52.250+0200][gc,marking  ] GC(2) Concurrent Rebuild Remembered Sets and Scrub Regions 1.682ms
[2023-09-10T18:18:52.250+0200][gc,start    ] GC(2) Pause Cleanup
[2023-09-10T18:18:52.250+0200][gc          ] GC(2) Pause Cleanup 11M->11M(1024M) 0.145ms
[2023-09-10T18:18:52.250+0200][gc,cpu      ] GC(2) User=0.00s Sys=0.00s Real=0.00s
[2023-09-10T18:18:52.250+0200][gc,marking  ] GC(2) Concurrent Clear Claimed Marks
[2023-09-10T18:18:52.250+0200][gc,marking  ] GC(2) Concurrent Clear Claimed Marks 0.018ms
[2023-09-10T18:18:52.250+0200][gc,marking  ] GC(2) Concurrent Cleanup for Next Mark
[2023-09-10T18:18:52.255+0200][gc,marking  ] GC(2) Concurrent Cleanup for Next Mark 4.961ms
[2023-09-10T18:18:52.255+0200][gc          ] GC(2) Concurrent Mark Cycle 12.218ms
[2023-09-10T18:18:52.910+0200][gc,start    ] GC(3) Pause Young (Normal) (G1 Evacuation Pause)
[2023-09-10T18:18:52.910+0200][gc,task     ] GC(3) Using 10 workers of 10 for evacuation
[2023-09-10T18:18:52.914+0200][gc,phases   ] GC(3)   Pre Evacuate Collection Set: 0.2ms
[2023-09-10T18:18:52.914+0200][gc,phases   ] GC(3)   Merge Heap Roots: 0.1ms
[2023-09-10T18:18:52.914+0200][gc,phases   ] GC(3)   Evacuate Collection Set: 3.2ms
[2023-09-10T18:18:52.914+0200][gc,phases   ] GC(3)   Post Evacuate Collection Set: 0.5ms
[2023-09-10T18:18:52.914+0200][gc,phases   ] GC(3)   Other: 0.1ms
[2023-09-10T18:18:52.914+0200][gc,heap     ] GC(3) Eden regions: 49->0(45)
[2023-09-10T18:18:52.914+0200][gc,heap     ] GC(3) Survivor regions: 2->6(7)
[2023-09-10T18:18:52.914+0200][gc,heap     ] GC(3) Old regions: 8->8
[2023-09-10T18:18:52.914+0200][gc,heap     ] GC(3) Archive regions: 2->2
[2023-09-10T18:18:52.914+0200][gc,heap     ] GC(3) Humongous regions: 9->9
[2023-09-10T18:18:52.914+0200][gc,metaspace] GC(3) Metaspace: 31197K(31552K)->31197K(31552K) NonClass: 27794K(27968K)->27794K(27968K) Class: 3402K(3584K)->3402K(3584K)
[2023-09-10T18:18:52.914+0200][gc          ] GC(3) Pause Young (Normal) (G1 Evacuation Pause) 68M->22M(1024M) 4.396ms
[2023-09-10T18:18:52.914+0200][gc,cpu      ] GC(3) User=0.03s Sys=0.00s Real=0.00s
[2023-09-10T18:18:53.705+0200][gc,start    ] GC(4) Pause Young (Concurrent Start) (Metadata GC Threshold)
[2023-09-10T18:18:53.705+0200][gc,task     ] GC(4) Using 10 workers of 10 for evacuation
[2023-09-10T18:18:53.709+0200][gc,phases   ] GC(4)   Pre Evacuate Collection Set: 0.2ms
[2023-09-10T18:18:53.709+0200][gc,phases   ] GC(4)   Merge Heap Roots: 0.1ms
[2023-09-10T18:18:53.709+0200][gc,phases   ] GC(4)   Evacuate Collection Set: 2.8ms
[2023-09-10T18:18:53.709+0200][gc,phases   ] GC(4)   Post Evacuate Collection Set: 0.7ms
[2023-09-10T18:18:53.709+0200][gc,phases   ] GC(4)   Other: 0.1ms
[2023-09-10T18:18:53.709+0200][gc,heap     ] GC(4) Eden regions: 26->0(49)
[2023-09-10T18:18:53.709+0200][gc,heap     ] GC(4) Survivor regions: 6->2(7)
[2023-09-10T18:18:53.709+0200][gc,heap     ] GC(4) Old regions: 8->12
[2023-09-10T18:18:53.709+0200][gc,heap     ] GC(4) Archive regions: 2->2
[2023-09-10T18:18:53.709+0200][gc,heap     ] GC(4) Humongous regions: 138->0
[2023-09-10T18:18:53.709+0200][gc,metaspace] GC(4) Metaspace: 35644K(35968K)->35644K(35968K) NonClass: 31686K(31872K)->31686K(31872K) Class: 3958K(4096K)->3958K(4096K)
[2023-09-10T18:18:53.709+0200][gc          ] GC(4) Pause Young (Concurrent Start) (Metadata GC Threshold) 177M->14M(1024M) 4.138ms
[2023-09-10T18:18:53.709+0200][gc,cpu      ] GC(4) User=0.03s Sys=0.00s Real=0.00s
[2023-09-10T18:18:53.709+0200][gc          ] GC(5) Concurrent Mark Cycle
[2023-09-10T18:18:53.709+0200][gc,marking  ] GC(5) Concurrent Scan Root Regions
[2023-09-10T18:18:53.712+0200][gc,marking  ] GC(5) Concurrent Scan Root Regions 2.347ms
[2023-09-10T18:18:53.712+0200][gc,marking  ] GC(5) Concurrent Mark
[2023-09-10T18:18:53.712+0200][gc,marking  ] GC(5) Concurrent Mark From Roots
[2023-09-10T18:18:53.712+0200][gc,task     ] GC(5) Using 3 workers of 3 for marking
[2023-09-10T18:18:53.717+0200][gc,marking  ] GC(5) Concurrent Mark From Roots 4.651ms
[2023-09-10T18:18:53.717+0200][gc,marking  ] GC(5) Concurrent Preclean
[2023-09-10T18:18:53.717+0200][gc,marking  ] GC(5) Concurrent Preclean 0.064ms
[2023-09-10T18:18:53.717+0200][gc,start    ] GC(5) Pause Remark
[2023-09-10T18:18:53.719+0200][gc          ] GC(5) Pause Remark 15M->15M(1024M) 1.728ms
[2023-09-10T18:18:53.719+0200][gc,cpu      ] GC(5) User=0.01s Sys=0.00s Real=0.00s
[2023-09-10T18:18:53.719+0200][gc,marking  ] GC(5) Concurrent Mark 6.774ms
[2023-09-10T18:18:53.719+0200][gc,marking  ] GC(5) Concurrent Rebuild Remembered Sets and Scrub Regions
[2023-09-10T18:18:53.722+0200][gc,marking  ] GC(5) Concurrent Rebuild Remembered Sets and Scrub Regions 3.499ms
[2023-09-10T18:18:53.722+0200][gc,start    ] GC(5) Pause Cleanup
[2023-09-10T18:18:53.722+0200][gc          ] GC(5) Pause Cleanup 16M->16M(1024M) 0.166ms
[2023-09-10T18:18:53.723+0200][gc,cpu      ] GC(5) User=0.00s Sys=0.00s Real=0.00s
[2023-09-10T18:18:53.723+0200][gc,marking  ] GC(5) Concurrent Clear Claimed Marks
[2023-09-10T18:18:53.723+0200][gc,marking  ] GC(5) Concurrent Clear Claimed Marks 0.027ms
[2023-09-10T18:18:53.723+0200][gc,marking  ] GC(5) Concurrent Cleanup for Next Mark
[2023-09-10T18:18:53.724+0200][gc,marking  ] GC(5) Concurrent Cleanup for Next Mark 1.315ms
[2023-09-10T18:18:53.724+0200][gc          ] GC(5) Concurrent Mark Cycle 14.577ms
[2023-09-10T18:18:53.735+0200][gc,heap,exit] Heap
[2023-09-10T18:18:53.735+0200][gc,heap,exit]  garbage-first heap   total 1048576K, used 19522K [0x00000007c0000000, 0x0000000800000000)
[2023-09-10T18:18:53.735+0200][gc,heap,exit]   region size 1024K, 8 young (8192K), 2 survivors (2048K)
[2023-09-10T18:18:53.735+0200][gc,heap,exit]  Metaspace       used 35719K, committed 36032K, reserved 1114112K
[2023-09-10T18:18:53.735+0200][gc,heap,exit]   class space    used 3983K, committed 4096K, reserved 1048576K
