[2023-09-10T18:16:42.282+0200][gc,init] CardTable entry size: 512
[2023-09-10T18:16:42.282+0200][gc     ] Using G1
[2023-09-10T18:16:42.286+0200][gc,init] Version: 20.0.2+9-78 (release)
[2023-09-10T18:16:42.286+0200][gc,init] CPUs: 12 total, 12 available
[2023-09-10T18:16:42.286+0200][gc,init] Memory: 16384M
[2023-09-10T18:16:42.286+0200][gc,init] Large Page Support: Disabled
[2023-09-10T18:16:42.286+0200][gc,init] NUMA Support: Disabled
[2023-09-10T18:16:42.286+0200][gc,init] Compressed Oops: Enabled (Zero based)
[2023-09-10T18:16:42.286+0200][gc,init] Heap Region Size: 1M
[2023-09-10T18:16:42.286+0200][gc,init] Heap Min Capacity: 512M
[2023-09-10T18:16:42.286+0200][gc,init] Heap Initial Capacity: 512M
[2023-09-10T18:16:42.286+0200][gc,init] Heap Max Capacity: 512M
[2023-09-10T18:16:42.286+0200][gc,init] Pre-touch: Disabled
[2023-09-10T18:16:42.286+0200][gc,init] Parallel Workers: 10
[2023-09-10T18:16:42.286+0200][gc,init] Concurrent Workers: 3
[2023-09-10T18:16:42.286+0200][gc,init] Concurrent Refinement Workers: 10
[2023-09-10T18:16:42.286+0200][gc,init] Periodic GC: Disabled
[2023-09-10T18:16:42.296+0200][gc,metaspace] CDS archive(s) mapped at: [0x0000000125000000-0x0000000125c74000-0x0000000125c74000), size 13058048, SharedBaseAddress: 0x0000000125000000, ArchiveRelocationMode: 1.
[2023-09-10T18:16:42.296+0200][gc,metaspace] Compressed class space mapped at: 0x0000000126000000-0x0000000166000000, reserved size: 1073741824
[2023-09-10T18:16:42.296+0200][gc,metaspace] Narrow klass base: 0x0000000125000000, Narrow klass shift: 0, Narrow klass range: 0x100000000
[2023-09-10T18:17:19.791+0200][gc,start    ] GC(0) Pause Young (Normal) (G1 Evacuation Pause)
[2023-09-10T18:17:19.791+0200][gc,task     ] GC(0) Using 10 workers of 10 for evacuation
[2023-09-10T18:17:19.797+0200][gc,phases   ] GC(0)   Pre Evacuate Collection Set: 0.1ms
[2023-09-10T18:17:19.797+0200][gc,phases   ] GC(0)   Merge Heap Roots: 0.1ms
[2023-09-10T18:17:19.797+0200][gc,phases   ] GC(0)   Evacuate Collection Set: 4.0ms
[2023-09-10T18:17:19.797+0200][gc,phases   ] GC(0)   Post Evacuate Collection Set: 0.7ms
[2023-09-10T18:17:19.797+0200][gc,phases   ] GC(0)   Other: 0.8ms
[2023-09-10T18:17:19.797+0200][gc,heap     ] GC(0) Eden regions: 25->0(21)
[2023-09-10T18:17:19.798+0200][gc,heap     ] GC(0) Survivor regions: 0->4(4)
[2023-09-10T18:17:19.798+0200][gc,heap     ] GC(0) Old regions: 0->4
[2023-09-10T18:17:19.798+0200][gc,heap     ] GC(0) Archive regions: 2->2
[2023-09-10T18:17:19.798+0200][gc,heap     ] GC(0) Humongous regions: 0->0
[2023-09-10T18:17:19.798+0200][gc,metaspace] GC(0) Metaspace: 8180K(8384K)->8180K(8384K) NonClass: 7289K(7360K)->7289K(7360K) Class: 891K(1024K)->891K(1024K)
[2023-09-10T18:17:19.798+0200][gc          ] GC(0) Pause Young (Normal) (G1 Evacuation Pause) 25M->8M(512M) 7.005ms
[2023-09-10T18:17:19.798+0200][gc,cpu      ] GC(0) User=0.02s Sys=0.02s Real=0.00s
[2023-09-10T18:31:26.187+0200][gc,heap,exit] Heap
[2023-09-10T18:31:26.187+0200][gc,heap,exit]  garbage-first heap   total 524288K, used 17579K [0x00000007e0000000, 0x0000000800000000)
[2023-09-10T18:31:26.187+0200][gc,heap,exit]   region size 1024K, 14 young (14336K), 4 survivors (4096K)
[2023-09-10T18:31:26.187+0200][gc,heap,exit]  Metaspace       used 9075K, committed 9280K, reserved 1114112K
[2023-09-10T18:31:26.187+0200][gc,heap,exit]   class space    used 951K, committed 1088K, reserved 1048576K
