[2023-09-10T18:52:00.794+0200][gc,init] CardTable entry size: 512
[2023-09-10T18:52:00.794+0200][gc     ] Using G1
[2023-09-10T18:52:00.799+0200][gc,init] Version: 20.0.2+9-78 (release)
[2023-09-10T18:52:00.799+0200][gc,init] CPUs: 12 total, 12 available
[2023-09-10T18:52:00.799+0200][gc,init] Memory: 16384M
[2023-09-10T18:52:00.799+0200][gc,init] Large Page Support: Disabled
[2023-09-10T18:52:00.799+0200][gc,init] NUMA Support: Disabled
[2023-09-10T18:52:00.799+0200][gc,init] Compressed Oops: Enabled (Zero based)
[2023-09-10T18:52:00.799+0200][gc,init] Heap Region Size: 1M
[2023-09-10T18:52:00.799+0200][gc,init] Heap Min Capacity: 512M
[2023-09-10T18:52:00.799+0200][gc,init] Heap Initial Capacity: 512M
[2023-09-10T18:52:00.799+0200][gc,init] Heap Max Capacity: 512M
[2023-09-10T18:52:00.799+0200][gc,init] Pre-touch: Disabled
[2023-09-10T18:52:00.799+0200][gc,init] Parallel Workers: 10
[2023-09-10T18:52:00.799+0200][gc,init] Concurrent Workers: 3
[2023-09-10T18:52:00.799+0200][gc,init] Concurrent Refinement Workers: 10
[2023-09-10T18:52:00.799+0200][gc,init] Periodic GC: Disabled
[2023-09-10T18:52:00.809+0200][gc,metaspace] CDS archive(s) mapped at: [0x000000012a400000-0x000000012b074000-0x000000012b074000), size 13058048, SharedBaseAddress: 0x000000012a400000, ArchiveRelocationMode: 1.
[2023-09-10T18:52:00.809+0200][gc,metaspace] Compressed class space mapped at: 0x000000012b400000-0x000000016b400000, reserved size: 1073741824
[2023-09-10T18:52:00.809+0200][gc,metaspace] Narrow klass base: 0x000000012a400000, Narrow klass shift: 0, Narrow klass range: 0x100000000
[2023-09-10T18:52:15.168+0200][gc,start    ] GC(0) Pause Young (Normal) (G1 Evacuation Pause)
[2023-09-10T18:52:15.168+0200][gc,task     ] GC(0) Using 10 workers of 10 for evacuation
[2023-09-10T18:52:15.173+0200][gc,phases   ] GC(0)   Pre Evacuate Collection Set: 0.1ms
[2023-09-10T18:52:15.173+0200][gc,phases   ] GC(0)   Merge Heap Roots: 0.1ms
[2023-09-10T18:52:15.173+0200][gc,phases   ] GC(0)   Evacuate Collection Set: 3.6ms
[2023-09-10T18:52:15.173+0200][gc,phases   ] GC(0)   Post Evacuate Collection Set: 0.6ms
[2023-09-10T18:52:15.173+0200][gc,phases   ] GC(0)   Other: 0.7ms
[2023-09-10T18:52:15.173+0200][gc,heap     ] GC(0) Eden regions: 25->0(21)
[2023-09-10T18:52:15.173+0200][gc,heap     ] GC(0) Survivor regions: 0->4(4)
[2023-09-10T18:52:15.173+0200][gc,heap     ] GC(0) Old regions: 0->4
[2023-09-10T18:52:15.173+0200][gc,heap     ] GC(0) Archive regions: 2->2
[2023-09-10T18:52:15.173+0200][gc,heap     ] GC(0) Humongous regions: 0->0
[2023-09-10T18:52:15.173+0200][gc,metaspace] GC(0) Metaspace: 8180K(8384K)->8180K(8384K) NonClass: 7288K(7360K)->7288K(7360K) Class: 891K(1024K)->891K(1024K)
[2023-09-10T18:52:15.173+0200][gc          ] GC(0) Pause Young (Normal) (G1 Evacuation Pause) 25M->8M(512M) 5.443ms
[2023-09-10T18:52:15.173+0200][gc,cpu      ] GC(0) User=0.02s Sys=0.01s Real=0.01s
[2023-09-10T18:59:16.527+0200][gc,heap,exit] Heap
[2023-09-10T18:59:16.527+0200][gc,heap,exit]  garbage-first heap   total 524288K, used 18535K [0x00000007e0000000, 0x0000000800000000)
[2023-09-10T18:59:16.527+0200][gc,heap,exit]   region size 1024K, 15 young (15360K), 4 survivors (4096K)
[2023-09-10T18:59:16.527+0200][gc,heap,exit]  Metaspace       used 9150K, committed 9344K, reserved 1114112K
[2023-09-10T18:59:16.527+0200][gc,heap,exit]   class space    used 951K, committed 1088K, reserved 1048576K
